violations:
- field: spec.caBundles[0].pem.value
  message: provided certificate has incorrect format
- field: spec.caBundles[1].pem
<<<<<<< HEAD
  message: pem needs to be defined
- field: spec.trustDomain
  message: trustDomain needs to shorter than 253 sings, current has 290
=======
  message: must be defined
- field: spec.trustDomain
  message: must not be longer than 253 characters
>>>>>>> master
