resources:
- name: kri_mid_default___identity_
  resource:
    '@type': type.googleapis.com/envoy.extensions.transport_sockets.tls.v3.Secret
    name: kri_mid_default___identity_
    tlsCertificate:
      certificateChain:
        inlineBytes: MTIz
      privateKey:
        inlineBytes: MTIz
