resources:
- name: my-custom-id
  resource:
    '@type': type.googleapis.com/envoy.extensions.transport_sockets.tls.v3.Secret
    name: my-custom-id
    tlsCertificate:
      certificateChain:
        inlineBytes: MTIz
      privateKey:
        inlineBytes: MTIz
