resources:
- name: my-custom-bundle
  resource:
    '@type': type.googleapis.com/envoy.extensions.transport_sockets.tls.v3.Secret
    name: my-custom-bundle
    validationContext:
      customValidatorConfig:
        name: envoy.tls.cert_validator.spiffe
        typedConfig:
          '@type': type.googleapis.com/envoy.extensions.transport_sockets.tls.v3.SPIFFECertValidatorConfig
          trustDomains:
          - name: domain-1
            trustBundle:
              inlineBytes: MTIzCjQ1Ng==
          - name: domain-2
            trustBundle:
              inlineBytes: Nzg5
