resources:
- name: default_backend___msvc_80
  resource:
    '@type': type.googleapis.com/envoy.config.cluster.v3.Cluster
    edsClusterConfig:
      edsConfig:
        ads: {}
        resourceApiVersion: V3
    name: default_backend___msvc_80
    transportSocket:
      name: envoy.transport_sockets.tls
      typedConfig:
        '@type': type.googleapis.com/envoy.extensions.transport_sockets.tls.v3.UpstreamTlsContext
        commonTlsContext:
          alpnProtocols:
          - kuma
          combinedValidationContext:
            defaultValidationContext:
              matchTypedSubjectAltNames:
              - matcher:
                  exact: backend
                sanType: URI
              - matcher:
                  exact: spiffe://default.demo.mesh.local/ns/demo/sa/backend
                sanType: URI
            validationContextSdsSecretConfig:
              name: bundle
              sdsConfig:
                ads: {}
                resourceApiVersion: V3
          tlsCertificateSdsSecretConfigs:
          - name: my-identity
            sdsConfig:
              ads: {}
              resourceApiVersion: V3
        sni: a601e0c00295a9fbe.backend.80.default.ms
    type: EDS
    typedExtensionProtocolOptions:
      envoy.extensions.upstreams.http.v3.HttpProtocolOptions:
        '@type': type.googleapis.com/envoy.extensions.upstreams.http.v3.HttpProtocolOptions
        explicitHttpConfig:
          http2ProtocolOptions: {}
