resources:
- name: default_backend___msvc_80-01804e3659fbd290
  resource:
    '@type': type.googleapis.com/envoy.config.cluster.v3.Cluster
    edsClusterConfig:
      edsConfig:
        ads: {}
        resourceApiVersion: V3
    name: default_backend___msvc_80-01804e3659fbd290
    perConnectionBufferLimitBytes: 32768
    transportSocket:
      name: envoy.transport_sockets.tls
      typedConfig:
        '@type': type.googleapis.com/envoy.extensions.transport_sockets.tls.v3.UpstreamTlsContext
        commonTlsContext:
          alpnProtocols:
          - kuma
          combinedValidationContext:
            defaultValidationContext:
              matchTypedSubjectAltNames:
              - matcher:
                  exact: spiffe://default/backend_svc_80
                sanType: URI
              - matcher:
                  exact: spiffe://default.demo.mesh.local/ns/kuma-demo/sa/gateway
                sanType: URI
            validationContextSdsSecretConfig:
              name: system_trust_bundle
              sdsConfig:
                ads: {}
                resourceApiVersion: V3
          tlsCertificateSdsSecretConfigs:
          - name: kri_mid___kuma-system_identity_
            sdsConfig:
              ads: {}
              resourceApiVersion: V3
        sni: a601e0c00295a9fbe.backend.80.default.ms
    type: EDS
    typedExtensionProtocolOptions:
      envoy.extensions.upstreams.http.v3.HttpProtocolOptions:
        '@type': type.googleapis.com/envoy.extensions.upstreams.http.v3.HttpProtocolOptions
        explicitHttpConfig:
          httpProtocolOptions: {}
